// Jest Snapshot v1, https://goo.gl/fbAQLP

exports[`styles/responsiveStyles resolves responsive value 1`] = `
{
  "--bui_component_property--l": "100vw",
  "--bui_component_property--m": "100%",
  "--bui_component_property--s": "auto",
  "--bui_component_property--xl": "100vh",
}
`;

exports[`styles/responsiveStyles resolves responsive value with formatValue function 1`] = `
{
  "--bui_component_property--l": "calc(100vw / 2)",
  "--bui_component_property--m": "calc(100% / 2)",
  "--bui_component_property--s": "calc(auto / 2)",
  "--bui_component_property--xl": "calc(100vh / 2)",
}
`;
