// Jest Snapshot v1, https://goo.gl/fbAQLP

exports[`modern config 1`] = `
"/* media size definitions */
/* fonts definitions */
:root {
  --color: red;
  --unit: 10px;
  --unit-large: 20px
}
.foo {
  color: var(--color);
  margin-left: var(--unit);
}
.bar {
  color: var(--color);
  margin-left: var(--unit);
}
@media (max-width: 575px) {
  .foo {
    margin-left: var(--unit-large);
  }
}
.bui {
  background: var(--bui_color_brand_primary_background);
  font-size: var(--bui_font_body_1_font-size);
  font-weight: var(--bui_font_body_1_font-weight);
  line-height: var(--bui_font_body_1_line-height);
  font-family: var(--bui_font_body_1_font-family);
}
"
`;
