// Jest Snapshot v1, https://goo.gl/fbAQLP

exports[`postcss.apply 1`] = `
"
    .icon {
      color: inherit;
    }
    
    .heading {
      font-size: 20px;
    }
  "
`;
