// Jest Snapshot v1, https://goo.gl/fbAQLP

exports[`postcss.responsiveVars 1`] = `
".bui_mixin_width{

    width: var(--bui_mixin_width)
}

.bui_mixin_width[style*="--bui_mixin_width--s"]{

    --bui_mixin_width: var(--bui_mixin_width--s)
}

.bui_mixin_width[style*="--bui_mixin_spaced_width--s"]{

    --bui_mixin_width: calc(var(--bui_mixin_spaced_width--s) * var(--bui_spacing_1x))
};

    @media (--bui_medium_viewport){

    .bui_mixin_width[style*="--bui_mixin_width--m"]{

        --bui_mixin_width: var(--bui_mixin_width--m)
    }

    .bui_mixin_width[style*="--bui_mixin_spaced_width--m"]{

        --bui_mixin_width: calc(var(--bui_mixin_spaced_width--m) * var(--bui_spacing_1x))
    }
};

    @media (--bui_large_viewport){

    .bui_mixin_width[style*="--bui_mixin_width--l"]{

        --bui_mixin_width: var(--bui_mixin_width--l)
    }

    .bui_mixin_width[style*="--bui_mixin_spaced_width--l"]{

        --bui_mixin_width: calc(var(--bui_mixin_spaced_width--l) * var(--bui_spacing_1x))
    }
};

    @media (--bui_xlarge_viewport){

    .bui_mixin_width[style*="--bui_mixin_width--xl"]{

        --bui_mixin_width: var(--bui_mixin_width--xl)
    }

    .bui_mixin_width[style*="--bui_mixin_spaced_width--xl"]{

        --bui_mixin_width: calc(var(--bui_mixin_spaced_width--xl) * var(--bui_spacing_1x))
    }
};

    .bui_mixin_position{

    position: var(--bui_mixin_position) !important
};

    .bui_mixin_position[style*="--bui_mixin_position--s"]{

    --bui_mixin_position: var(--bui_mixin_position--s)
};

    @media (--bui_medium_viewport){

    .bui_mixin_position[style*="--bui_mixin_position--m"]{

        --bui_mixin_position: var(--bui_mixin_position--m)
    }
};

    @media (--bui_large_viewport){

    .bui_mixin_position[style*="--bui_mixin_position--l"]{

        --bui_mixin_position: var(--bui_mixin_position--l)
    }
};

    @media (--bui_xlarge_viewport){

    .bui_mixin_position[style*="--bui_mixin_position--xl"]{

        --bui_mixin_position: var(--bui_mixin_position--xl)
    }
};

    @bui-responsive-vars .bui_mixin_position, mixin, position;;
  "
`;
